
> kadai@0.0.0 build
> vite build

[36mvite v8.2.2 [32mbuilding client environment for production...[36m[39m
transforming...
✓ 105 modules transformed.
rendering chunks...
computing gzip size...
dist/index.html                           0.45 kB │ gzip:   0.29 kB
dist/assets/household-KymQaI9z.webp      25.24 kB
dist/assets/leaf-pF5S3Dpd.png            42.86 kB
dist/assets/pulses-BF6-9yKG.jpg          47.22 kB
dist/assets/fruits-BI2WnrLt.jpg          58.90 kB
dist/assets/chocolate-xTxcxXuD.webp      59.63 kB
dist/assets/categories-Urzxh1M7.jpeg    167.31 kB
dist/assets/drink-Ckf7CTq4.jpeg         303.53 kB
dist/assets/personal-BLpmI_N4.png       554.27 kB
dist/assets/bakery-QZBjkjmb.png         593.09 kB
dist/assets/vegetable-BFQfbVY2.webp     902.26 kB
dist/assets/item-DbfCQvk6.webp        1,124.75 kB
dist/assets/dairy-Bg2Zo1ZF.png        1,594.59 kB
dist/assets/items-CYr5FZLD.png        1,614.41 kB
dist/assets/fruit-ChjDTsoF.png        1,668.45 kB
dist/assets/drinks-XjnTRjgd.png       1,848.13 kB
dist/assets/index-DHtigHIc.css           77.15 kB │ gzip:  13.96 kB
dist/assets/index-BmE2Xcla.js           908.36 kB │ gzip: 267.84 kB

[32m✓ built in 659ms[39m
[33m[plugin builtin:vite-reporter] 
(!) Some chunks are larger than 500 kB after minification. Consider:
- Using dynamic import() to code-split the application
- Use build.rolldownOptions.output.codeSplitting to improve chunking: https://rolldown.rs/reference/OutputOptions.codeSplitting
- Adjust chunk size limit for this warning via build.chunkSizeWarningLimit.[39m
